// Jest Snapshot v1, https://goo.gl/fbAQLP

exports[`AoEModalForm on data loaded renders 1`] = `
Object {
  "asFragment": [Function],
  "baseElement": <body
    class="ReactModal__Body--open"
  >
    <div
      data-react-modal-body-trap=""
      style="position: absolute; opacity: 0;"
      tabindex="0"
    />
    <div />
    <div
      data-react-modal-body-trap=""
      style="position: absolute; opacity: 0;"
      tabindex="0"
    />
    <div
      class="ReactModalPortal"
    >
      <div
        class="ReactModal__Overlay prime-modal-overlay display-flex flex-align-center flex-justify-center"
      >
        <div
          aria-label="Test questionnaire"
          aria-modal="true"
          class="ReactModal__Content"
          role="dialog"
          style="position: initial; top: 40px; left: 40px; right: 40px; bottom: 40px; border: 1px solid #ccc; background: rgb(255, 255, 255); overflow: auto; border-radius: 4px; outline: none; padding: 20px;"
          tabindex="-1"
        >
          <main
            aria-labelledby="aoe-form-title"
          >
            <div
              class="display-flex flex-justify"
            >
              <h1
                class="font-heading-lg margin-top-05 margin-bottom-0"
              >
                Jobs, Steve
              </h1>
              <div
                class="sr-time-of-test-buttons"
              >
                <button
                  class="modal__close-button"
                  style="cursor: pointer;"
                >
                  <img
                    alt="Close"
                    class="modal__close-img"
                    src="close.svg"
                  />
                </button>
              </div>
            </div>
            <div
              class="border-top border-base-lighter margin-x-neg-205 margin-top-1"
            />
            <h2
              class="font-heading-lg margin-top-205 margin-bottom-0"
              id="aoe-form-title"
            >
              Test questionnaire
            </h2>
          </main>
        </div>
      </div>
    </div>
  </body>,
  "container": <div />,
  "debug": [Function],
  "findAllByAltText": [Function],
  "findAllByDisplayValue": [Function],
  "findAllByLabelText": [Function],
  "findAllByPlaceholderText": [Function],
  "findAllByRole": [Function],
  "findAllByTestId": [Function],
  "findAllByText": [Function],
  "findAllByTitle": [Function],
  "findByAltText": [Function],
  "findByDisplayValue": [Function],
  "findByLabelText": [Function],
  "findByPlaceholderText": [Function],
  "findByRole": [Function],
  "findByTestId": [Function],
  "findByText": [Function],
  "findByTitle": [Function],
  "getAllByAltText": [Function],
  "getAllByDisplayValue": [Function],
  "getAllByLabelText": [Function],
  "getAllByPlaceholderText": [Function],
  "getAllByRole": [Function],
  "getAllByTestId": [Function],
  "getAllByText": [Function],
  "getAllByTitle": [Function],
  "getByAltText": [Function],
  "getByDisplayValue": [Function],
  "getByLabelText": [Function],
  "getByPlaceholderText": [Function],
  "getByRole": [Function],
  "getByTestId": [Function],
  "getByText": [Function],
  "getByTitle": [Function],
  "queryAllByAltText": [Function],
  "queryAllByDisplayValue": [Function],
  "queryAllByLabelText": [Function],
  "queryAllByPlaceholderText": [Function],
  "queryAllByRole": [Function],
  "queryAllByTestId": [Function],
  "queryAllByText": [Function],
  "queryAllByTitle": [Function],
  "queryByAltText": [Function],
  "queryByDisplayValue": [Function],
  "queryByLabelText": [Function],
  "queryByPlaceholderText": [Function],
  "queryByRole": [Function],
  "queryByTestId": [Function],
  "queryByText": [Function],
  "queryByTitle": [Function],
  "rerender": [Function],
  "unmount": [Function],
}
`;
