// Jest Snapshot v1, https://goo.gl/fbAQLP

exports[`PriorTestInputs snapshot 1`] = `
Array [
  <div
    className="usa-legend"
  >
    Is this your first COVID-19 test?
  </div>,
  <div
    className="prime-previous-test-display margin-top-2"
  >
    No previous test data found
  </div>,
  <div
    className="usa-form-group"
  >
    <fieldset
      className="usa-fieldset prime-radios"
    >
      <legend
        className="usa-legend usa-sr-only"
      >
        Is this your first covid test?
      </legend>
      <div
        className="prime-radio--horizontal"
      >
        <div
          className="usa-radio prime-radio--horizontal__container"
        >
          <input
            checked={false}
            className="usa-radio__input"
            data-required="false"
            disabled={false}
            id="1-val-YES"
            name="prior_test_flag"
            onChange={[Function]}
            type="radio"
            value="YES"
          />
          <label
            className="usa-radio__label"
            htmlFor="1-val-YES"
          >
            Yes
          </label>
        </div>
        <div
          className="usa-radio prime-radio--horizontal__container"
        >
          <input
            checked={true}
            className="usa-radio__input"
            data-required="false"
            disabled={false}
            id="1-val-NO"
            name="prior_test_flag"
            onChange={[Function]}
            type="radio"
            value="NO"
          />
          <label
            className="usa-radio__label"
            htmlFor="1-val-NO"
          >
            No
          </label>
        </div>
      </div>
    </fieldset>
  </div>,
  <div
    className="usa-form-group"
  >
    <label
      className="usa-label"
      data-testid="label"
      htmlFor="prior_test_date"
    >
      Date of most recent test
    </label>
    <span
      className="usa-hint"
    >
      mm/dd/yyyy
    </span>
    <div
      className="usa-date-picker usa-date-picker--initialized maxw-mobile"
      data-testid="date-picker"
      onBlur={[Function]}
      onKeyDown={[Function]}
    >
      <input
        aria-hidden={true}
        className="usa-input usa-sr-only usa-date-picker__internal-input"
        data-testid="date-picker-internal-input"
        disabled={false}
        name="prior_test_date"
        readOnly={true}
        required={false}
        tabIndex={-1}
        type="text"
        value=""
      />
      <div
        className="usa-date-picker__wrapper"
        tabIndex={-1}
      >
        <input
          className="usa-input usa-date-picker__external-input"
          data-testid="date-picker-external-input"
          disabled={true}
          id="prior_test_date"
          onBlur={[Function]}
          onFocus={[Function]}
          onInput={[Function]}
          type="text"
          value=""
        />
        <button
          aria-haspopup={true}
          aria-label="Toggle calendar"
          className="usa-date-picker__button"
          data-testid="date-picker-button"
          disabled={true}
          onClick={[Function]}
          type="button"
        >
          Â 
        </button>
        <div
          aria-modal="true"
          className="usa-date-picker__calendar"
          data-testid="date-picker-calendar"
          hidden={true}
          onKeyDown={[Function]}
          onKeyUp={[Function]}
          role="dialog"
          style={
            Object {
              "top": "0px",
            }
          }
        />
        <div
          aria-live="polite"
          className="usa-sr-only usa-date-picker__status"
          data-testid="date-picker-status"
          role="status"
        >
          
        </div>
      </div>
    </div>
  </div>,
  <div
    className="usa-form-group"
  >
    <fieldset
      className="usa-fieldset prime-checkboxes"
    >
      <legend
        className="usa-legend usa-sr-only"
      >
        Date of most recent test unknown?
      </legend>
      <div
        className="checkboxes"
      >
        <div
          className="usa-checkbox"
        >
          <input
            checked={true}
            className="usa-checkbox__input"
            id="2-val-0"
            name="mostRecentTestUnknown"
            onChange={[Function]}
            type="checkbox"
            value="UNKNOWN"
          />
          <label
            className="usa-checkbox__label"
            htmlFor="2-val-0"
          >
            Unknown
          </label>
        </div>
      </div>
    </fieldset>
  </div>,
  <div
    className="usa-form-group prime-dropdown "
  >
    <label
      className="usa-label"
      htmlFor="3"
    >
      Type of prior test
    </label>
    <select
      aria-required="false"
      className="usa-select"
      id="3"
      name="prior_test_type"
      onChange={[Function]}
      value="- Select -"
    >
      <option
        value=""
      >
        - Select -
      </option>
    </select>
  </div>,
  <div
    className="usa-form-group prime-dropdown "
  >
    <label
      className="usa-label"
      htmlFor="4"
    >
      Result of prior test
    </label>
    <select
      aria-required="false"
      className="usa-select"
      id="4"
      name="prior_test_result"
      onChange={[Function]}
      value="UNKNOWN"
    >
      <option
        value=""
      >
        - Select -
      </option>
      <option
        value="POSITIVE"
      >
        Positive
      </option>
      <option
        value="NEGATIVE"
      >
        Negative
      </option>
      <option
        value="UNDETERMINED"
      >
        Inconclusive
      </option>
      <option
        value="UNKNOWN"
      >
        Unknown
      </option>
    </select>
  </div>,
]
`;
