// Jest Snapshot v1, https://goo.gl/fbAQLP

exports[`Agnostic specific upload container test passes axe tests 1`] = `
<body>
  <div>
    <div
      class="Toastify"
    />
    <div
      class="grid-row header-size-fix sr-test-results-uploads"
    >
      <div
        class="prime-container card-container"
      >
        <div
          class="usa-card__header"
        >
          <h1>
            Upload your results
          </h1>
        </div>
        <div
          class="usa-alert usa-alert--info margin-left-105em margin-right-105em maxw-tablet-lg"
        >
          <div
            class="usa-alert__body"
          >
            <h2
              class="usa-alert__heading"
            >
              What is the bulk results uploader?
            </h2>
            <p
              class="usa-alert__text"
            >
              <em>
                This feature is in beta. That means it’s new, and we’ll continue to update and improve it for our users. Though the feature is in beta, it will route all the results you submit to the appropriate public health department(s).
              </em>
               
              <br />
              <br />
               The results uploader allows you to report test results in bulk using a CSV file. While we expect most SimpleReport users will continue to report through the regular process, this feature can serve labs and others with an information system that exports spreadsheets, such as an EMR.
               
              <a
                class=""
                href="/results/upload/submit/guide"
              >
                <strong>
                  Learn more about how it works
                </strong>
              </a>
              .
            </p>
          </div>
        </div>
        <div
          class="usa-card__body padding-y-2 maxw-prose"
        >
          <p>
            Report results in bulk using a comma-separated values (CSV) spreadsheet. To upload your spreadsheet:
          </p>
          <section>
            <ol
              class="usa-process-list"
            >
              <li
                class="usa-process-list__item margin-bottom-1em"
              >
                <p
                  class="usa-process-list__heading"
                >
                  Visit the
                   
                  <a
                    class=""
                    href="/results/agnostic/upload/submit/guide"
                  >
                    <strong>
                      spreadsheet upload guide
                    </strong>
                  </a>
                </p>
              </li>
              <li
                class="usa-process-list__item margin-bottom-1em"
              >
                <p
                  class="usa-process-list__heading"
                >
                  Download the
                   
                  <a
                    href="/assets/resources/condition_agnostic_test_result_example_11_13_2023.csv"
                  >
                    spreadsheet template
                  </a>
                </p>
              </li>
              <li
                class="usa-process-list__item margin-bottom-1em"
              >
                <p
                  class="usa-process-list__heading"
                >
                  Following the guide and template, format your data to match SimpleReport requirements
                </p>
              </li>
              <li
                class="usa-process-list__item margin-bottom-1em"
              >
                <p
                  class="usa-process-list__heading"
                >
                  Save your spreadsheet in a CSV format (file size limit is 50 MB or 10,000 rows)
                </p>
              </li>
              <li
                class="usa-process-list__item margin-bottom-1em"
              >
                <p
                  class="usa-process-list__heading"
                >
                  Submit your CSV to the uploader below
                </p>
              </li>
            </ol>
          </section>
          <div
            class="usa-form-group margin-bottom-3"
            data-testid="formGroup"
          >
            <div
              class="sr-single-file-input blank"
            >
              <input
                accept="text/csv, .csv"
                aria-describedby="file-input-specific-hint"
                aria-invalid="false"
                aria-label="Choose CSV file"
                class="usa-file-input"
                data-testid="upload-csv-input"
                id="upload-csv-input"
                name="upload-csv-input"
                required=""
                type="file"
              />
              <span
                id="file-input-specific-hint"
              >
                Drag file here or choose from folder
              </span>
            </div>
          </div>
          <button
            class="usa-button"
            data-testid="button"
            disabled=""
            type="submit"
          >
            <span>
              Upload your CSV
            </span>
          </button>
        </div>
      </div>
    </div>
  </div>
</body>
`;
