// Jest Snapshot v1, https://goo.gl/fbAQLP

exports[`LabResultsFormSection renders successfully after loading 1`] = `
<div>
  <div
    class="grid-row"
  >
    <div
      class="grid-col-auto"
    >
      <h3
        class="margin-bottom-0 margin-top-1"
      >
        Test order information
      </h3>
      <p>
        Choose a test order to select specimen type
      </p>
    </div>
  </div>
  <div
    class="grid-row grid-gap"
  >
    <div
      class="grid-col-6 grid-col-mobile"
    >
      <label
        class="usa-legend margin-top-0"
        for="selected-lab"
      >
        Test order
      </label>
      <div
        class="usa-combo-box lab-combo-box"
        data-enhanced="true"
        data-testid="combo-box"
      >
        <select
          aria-hidden="true"
          class="usa-select usa-sr-only usa-combo-box__select"
          data-testid="combo-box-select"
          name="selected-lab"
          tabindex="-1"
        >
          <option
            value="8023-4"
          >
            Saint Louis encephalitis virus Ab [Presence] in Serum by Immunoassay
          </option>
          <option
            value="101289-7"
          >
            SARS-CoV-2 (COVID-19) RNA [Presence] in Throat by NAA with non-probe detection
          </option>
        </select>
        <input
          aria-activedescendant=""
          aria-autocomplete="list"
          aria-controls="selected-lab--list"
          aria-describedby="selected-lab--assistiveHint"
          aria-expanded="false"
          aria-owns="selected-lab--list"
          autocapitalize="off"
          autocomplete="off"
          class="usa-combo-box__input"
          data-testid="combo-box-input"
          id="selected-lab"
          role="combobox"
          type="text"
          value=""
        />
        <span
          class="usa-combo-box__clear-input__wrapper"
          tabindex="-1"
        >
          <button
            aria-label="Clear the select contents"
            class="usa-combo-box__clear-input"
            data-testid="combo-box-clear-button"
            hidden=""
            type="button"
          >
             
          </button>
        </span>
        <span
          class="usa-combo-box__input-button-separator"
        >
           
        </span>
        <span
          class="usa-combo-box__toggle-list__wrapper"
          tabindex="-1"
        >
          <button
            aria-label="Toggle the dropdown list"
            class="usa-combo-box__toggle-list"
            data-testid="combo-box-toggle"
            tabindex="-1"
            type="button"
          >
             
          </button>
        </span>
        <ul
          class="usa-combo-box__list"
          data-testid="combo-box-option-list"
          hidden=""
          id="selected-lab--list"
          role="listbox"
          tabindex="-1"
        >
          <li
            aria-posinset="1"
            aria-selected="false"
            aria-setsize="2"
            class="usa-combo-box__list-option"
            data-testid="combo-box-option-8023-4"
            data-value="8023-4"
            id="selected-lab--list--option-0"
            role="option"
            tabindex="-1"
            value="8023-4"
          >
            Saint Louis encephalitis virus Ab [Presence] in Serum by Immunoassay
          </li>
          <li
            aria-posinset="2"
            aria-selected="false"
            aria-setsize="2"
            class="usa-combo-box__list-option"
            data-testid="combo-box-option-101289-7"
            data-value="101289-7"
            id="selected-lab--list--option-1"
            role="option"
            tabindex="-1"
            value="101289-7"
          >
            SARS-CoV-2 (COVID-19) RNA [Presence] in Throat by NAA with non-probe detection
          </li>
        </ul>
        <div
          class="usa-combo-box__status usa-sr-only"
          role="status"
        />
        <span
          class="usa-sr-only"
          data-testid="combo-box-assistive-hint"
          id="selected-lab--assistiveHint"
        >
          When autocomplete results are available use up and down arrows to review
           and enter to select. Touch device users, explore by touch or with swipe
           gestures.
        </span>
      </div>
    </div>
  </div>
  <div
    class="grid-row margin-top-2"
  >
    <div
      class="grid-col-auto"
    >
      <h3
        class="margin-bottom-0 margin-top-5"
      >
        Specimen information
      </h3>
      <p
        class="margin-bottom-0"
      >
        Choose a specimen type to enter test results
      </p>
    </div>
  </div>
  <div
    class="grid-row grid-gap"
  >
    <div
      class="grid-col-6 grid-col-mobile"
    >
      <div
        class="usa-form-group prime-dropdown  card-dropdown"
      >
        <label
          class="usa-label"
          for="1"
        >
          Specimen type
        </label>
        <select
          aria-required="false"
          class="usa-select"
          id="1"
          name="specimen-type"
        >
          <option
            value=""
          />
        </select>
      </div>
    </div>
  </div>
  <div
    class="grid-row grid-gap"
  >
    <div
      class="grid-col-6 grid-col-mobile"
    >
      <div
        class="usa-form-group"
      >
        <label
          class="usa-label"
          for="2"
        >
          Collection date
        </label>
        <input
          aria-required="false"
          class="usa-input"
          id="2"
          max="2025-09-15"
          min="2020-01-01"
          name="specimen-collection-date"
          type="date"
          value="Invalid date"
        />
      </div>
    </div>
    <div
      class="grid-col-6 grid-col-mobile"
    >
      <div
        class="usa-form-group"
      >
        <label
          class="usa-label"
          for="3"
        >
          Collection time
        </label>
        <input
          aria-required="false"
          class="usa-input"
          id="3"
          name="specimen-collection-time"
          step="60"
          type="time"
          value="Invalid date"
        />
      </div>
    </div>
  </div>
  <div
    class="grid-row grid-gap"
  >
    <div
      class="grid-col-6 grid-col-mobile"
    >
      <div
        class="usa-form-group prime-dropdown  card-dropdown"
      >
        <label
          class="usa-label"
          for="4"
        >
          Specimen site (optional)
        </label>
        <select
          aria-required="false"
          class="usa-select"
          id="4"
          name="specimen-collection-body-site"
        >
          <option
            aria-selected="true"
            value=""
          >
            No collection location available
          </option>
        </select>
      </div>
    </div>
  </div>
  <div>
    <div
      class="grid-col-auto"
    >
      <h3
        class="margin-bottom-0 margin-top-5"
      >
        Test result information
      </h3>
      <p
        class="margin-bottom-0"
      >
        Please select test order and specimen type above to see test result information
      </p>
    </div>
  </div>
</div>
`;
