// Jest Snapshot v1, https://goo.gl/fbAQLP

exports[`ResultsNav displays the nav order correctly and defaults to 'Test Results' 1`] = `
<div>
  <nav
    aria-label="Secondary navigation"
    class="prime-secondary-nav"
  >
    <ul
      class="usa-nav__secondary-links prime-nav"
    >
      <li
        class="usa-nav__secondary-item"
      >
        <a
          class=""
          href="/results/1"
        >
          View test results
        </a>
      </li>
      <li
        class="usa-nav__secondary-item"
      >
        <a
          class=""
          href="/results/upload/submit"
        >
          Upload spreadsheet
        </a>
      </li>
      <li
        class="usa-nav__secondary-item"
      >
        <a
          class=""
          href="/results/upload/submissions"
        >
          View upload history
        </a>
      </li>
    </ul>
  </nav>
</div>
`;
