// Jest Snapshot v1, https://goo.gl/fbAQLP

exports[`TestResultCorrectionModal matches snapshot 1`] = `
Object {
  "asFragment": [Function],
  "baseElement": <body
    aria-hidden="true"
    class="ReactModal__Body--open"
  >
    <div
      data-react-modal-body-trap=""
      style="position: absolute; opacity: 0;"
      tabindex="0"
    />
    <div>
      <div
        class="ReactModal__Overlay ReactModal__Overlay--after-open sr-test-correction-modal-overlay"
      >
        <div
          aria-label="Correct result"
          aria-modal="true"
          class="ReactModal__Content ReactModal__Content--after-open sr-test-correction-modal-content"
          role="dialog"
          tabindex="-1"
        >
          <h3
            class="modal__heading"
          >
            Correct result for
             
            Last, First
          </h3>
          <div
            class="usa-form-group prime-dropdown "
          >
            <label
              class="usa-label"
              for="2"
            >
              Please select a reason for correcting this test result.
            </label>
            <select
              aria-required="false"
              class="usa-select"
              id="2"
              name="correctionReason"
            >
              <option
                value="DUPLICATE_TEST"
              >
                Duplicate test
              </option>
              <option
                value="INCORRECT_RESULT"
              >
                Incorrect test result
              </option>
              <option
                value="INCORRECT_TEST_DATE"
              >
                Incorrect test date
              </option>
              <option
                value="OTHER"
              >
                Reason not listed
              </option>
            </select>
          </div>
          <br />
          <div
            class="sr-test-correction-buttons"
          >
            <button
              class="usa-button usa-button--unstyled"
              type="button"
            >
              No, go back
            </button>
            <button
              class="usa-button"
              type="button"
            >
              Yes, I'm sure
            </button>
          </div>
        </div>
      </div>
    </div>
    <div
      data-react-modal-body-trap=""
      style="position: absolute; opacity: 0;"
      tabindex="0"
    />
    <div
      class="ReactModalPortal"
    />
  </body>,
  "container": <div>
    <div
      class="ReactModal__Overlay ReactModal__Overlay--after-open sr-test-correction-modal-overlay"
    >
      <div
        aria-label="Correct result"
        aria-modal="true"
        class="ReactModal__Content ReactModal__Content--after-open sr-test-correction-modal-content"
        role="dialog"
        tabindex="-1"
      >
        <h3
          class="modal__heading"
        >
          Correct result for
           
          Last, First
        </h3>
        <div
          class="usa-form-group prime-dropdown "
        >
          <label
            class="usa-label"
            for="2"
          >
            Please select a reason for correcting this test result.
          </label>
          <select
            aria-required="false"
            class="usa-select"
            id="2"
            name="correctionReason"
          >
            <option
              value="DUPLICATE_TEST"
            >
              Duplicate test
            </option>
            <option
              value="INCORRECT_RESULT"
            >
              Incorrect test result
            </option>
            <option
              value="INCORRECT_TEST_DATE"
            >
              Incorrect test date
            </option>
            <option
              value="OTHER"
            >
              Reason not listed
            </option>
          </select>
        </div>
        <br />
        <div
          class="sr-test-correction-buttons"
        >
          <button
            class="usa-button usa-button--unstyled"
            type="button"
          >
            No, go back
          </button>
          <button
            class="usa-button"
            type="button"
          >
            Yes, I'm sure
          </button>
        </div>
      </div>
    </div>
  </div>,
  "debug": [Function],
  "findAllByAltText": [Function],
  "findAllByDisplayValue": [Function],
  "findAllByLabelText": [Function],
  "findAllByPlaceholderText": [Function],
  "findAllByRole": [Function],
  "findAllByTestId": [Function],
  "findAllByText": [Function],
  "findAllByTitle": [Function],
  "findByAltText": [Function],
  "findByDisplayValue": [Function],
  "findByLabelText": [Function],
  "findByPlaceholderText": [Function],
  "findByRole": [Function],
  "findByTestId": [Function],
  "findByText": [Function],
  "findByTitle": [Function],
  "getAllByAltText": [Function],
  "getAllByDisplayValue": [Function],
  "getAllByLabelText": [Function],
  "getAllByPlaceholderText": [Function],
  "getAllByRole": [Function],
  "getAllByTestId": [Function],
  "getAllByText": [Function],
  "getAllByTitle": [Function],
  "getByAltText": [Function],
  "getByDisplayValue": [Function],
  "getByLabelText": [Function],
  "getByPlaceholderText": [Function],
  "getByRole": [Function],
  "getByTestId": [Function],
  "getByText": [Function],
  "getByTitle": [Function],
  "queryAllByAltText": [Function],
  "queryAllByDisplayValue": [Function],
  "queryAllByLabelText": [Function],
  "queryAllByPlaceholderText": [Function],
  "queryAllByRole": [Function],
  "queryAllByTestId": [Function],
  "queryAllByText": [Function],
  "queryAllByTitle": [Function],
  "queryByAltText": [Function],
  "queryByDisplayValue": [Function],
  "queryByLabelText": [Function],
  "queryByPlaceholderText": [Function],
  "queryByRole": [Function],
  "queryByTestId": [Function],
  "queryByText": [Function],
  "queryByTitle": [Function],
  "rerender": [Function],
  "unmount": [Function],
}
`;
