// Jest Snapshot v1, https://goo.gl/fbAQLP

exports[`App should show error UI 1`] = `
<div>
  <p>
    Server connection error...
  </p>
</div>
`;
