// Jest Snapshot v1, https://goo.gl/fbAQLP

exports[`ArchivePersonModal contains the defaults 1`] = `
Object {
  "asFragment": [Function],
  "baseElement": <body
    aria-hidden="true"
    class="ReactModal__Body--open"
  >
    <div
      data-react-modal-body-trap=""
      style="position: absolute; opacity: 0;"
      tabindex="0"
    />
    <div>
      <div
        class="ReactModal__Overlay sr-archive-person-modal-overlay"
      >
        <div
          aria-label="Archive record"
          aria-modal="true"
          class="ReactModal__Content sr-archive-person-modal-content"
          role="dialog"
          tabindex="-1"
        >
          <p>
            Are you sure you want to archive the record for
             
            <b>
              Abramcik, Guy Christine Michael
            </b>
            ?
          </p>
          <div
            class="sr-archive-person-buttons"
          >
            <button
              class="usa-button usa-button--unstyled"
              type="button"
            >
              No, go back
            </button>
            <button
              class="usa-button"
              type="button"
            >
              Yes, I'm sure
            </button>
          </div>
        </div>
      </div>
    </div>
    <div
      data-react-modal-body-trap=""
      style="position: absolute; opacity: 0;"
      tabindex="0"
    />
    <div
      class="ReactModalPortal"
    />
  </body>,
  "container": <div>
    <div
      class="ReactModal__Overlay sr-archive-person-modal-overlay"
    >
      <div
        aria-label="Archive record"
        aria-modal="true"
        class="ReactModal__Content sr-archive-person-modal-content"
        role="dialog"
        tabindex="-1"
      >
        <p>
          Are you sure you want to archive the record for
           
          <b>
            Abramcik, Guy Christine Michael
          </b>
          ?
        </p>
        <div
          class="sr-archive-person-buttons"
        >
          <button
            class="usa-button usa-button--unstyled"
            type="button"
          >
            No, go back
          </button>
          <button
            class="usa-button"
            type="button"
          >
            Yes, I'm sure
          </button>
        </div>
      </div>
    </div>
  </div>,
  "debug": [Function],
  "findAllByAltText": [Function],
  "findAllByDisplayValue": [Function],
  "findAllByLabelText": [Function],
  "findAllByPlaceholderText": [Function],
  "findAllByRole": [Function],
  "findAllByTestId": [Function],
  "findAllByText": [Function],
  "findAllByTitle": [Function],
  "findByAltText": [Function],
  "findByDisplayValue": [Function],
  "findByLabelText": [Function],
  "findByPlaceholderText": [Function],
  "findByRole": [Function],
  "findByTestId": [Function],
  "findByText": [Function],
  "findByTitle": [Function],
  "getAllByAltText": [Function],
  "getAllByDisplayValue": [Function],
  "getAllByLabelText": [Function],
  "getAllByPlaceholderText": [Function],
  "getAllByRole": [Function],
  "getAllByTestId": [Function],
  "getAllByText": [Function],
  "getAllByTitle": [Function],
  "getByAltText": [Function],
  "getByDisplayValue": [Function],
  "getByLabelText": [Function],
  "getByPlaceholderText": [Function],
  "getByRole": [Function],
  "getByTestId": [Function],
  "getByText": [Function],
  "getByTitle": [Function],
  "queryAllByAltText": [Function],
  "queryAllByDisplayValue": [Function],
  "queryAllByLabelText": [Function],
  "queryAllByPlaceholderText": [Function],
  "queryAllByRole": [Function],
  "queryAllByTestId": [Function],
  "queryAllByText": [Function],
  "queryAllByTitle": [Function],
  "queryByAltText": [Function],
  "queryByDisplayValue": [Function],
  "queryByLabelText": [Function],
  "queryByPlaceholderText": [Function],
  "queryByRole": [Function],
  "queryByTestId": [Function],
  "queryByText": [Function],
  "queryByTitle": [Function],
  "rerender": [Function],
  "unmount": [Function],
}
`;
