// Jest Snapshot v1, https://goo.gl/fbAQLP

exports[`DeviceTypeFormContainer should render the device type form 1`] = `undefined`;
