// Jest Snapshot v1, https://goo.gl/fbAQLP

exports[`ManageDeviceTypeFormContainer renders the Manage Device Type Form Container item 1`] = `undefined`;
