// Jest Snapshot v1, https://goo.gl/fbAQLP

exports[`ManageDeviceTypeForm renders the Manage Device Type Form Container item 1`] = `undefined`;
