// Jest Snapshot v1, https://goo.gl/fbAQLP

exports[`DOB snapshot matches 1`] = `
<main>
  <div
    className="grid-container maxw-tablet"
  >
    <p
      className="margin-top-3"
    >
      Enter your date of birth to access your COVID-19 Testing Portal.
    </p>
    <div
      className="usa-form-group width-mobile"
    >
      <label
        aria-describedby="bdayFormat"
        className="usa-label"
        htmlFor="1"
      >
        Date of birth
      </label>
      <span
        className="usa-hint"
      >
        MM/DD/YYYY
      </span>
      <input
        aria-required="false"
        autoComplete="on"
        className="usa-input"
        id="1"
        name="birthDate"
        onBlur={[Function]}
        onChange={[Function]}
        type="password"
        value=""
      />
    </div>
    <div
      className="margin-top-1 margin-bottom-2"
    >
      <button
        aria-controls="birthDate"
        className="usa-button usa-button--unstyled margin-top-0"
        onClick={[Function]}
      >
        Show my typing
      </button>
    </div>
    <button
      className="usa-button"
      id="dob-submit-button"
      onClick={[Function]}
      type="button"
    >
      Continue
    </button>
  </div>
</main>
`;
