// Jest Snapshot v1, https://goo.gl/fbAQLP

exports[`PatientProfileContainer snapshot 1`] = `
<main
  className="patient-app patient-app--form padding-bottom-4"
>
  <div
    className="grid-container maxw-tablet"
  >
    <div
      aria-label="progress"
      className="usa-step-indicator  usa-step-indicator--counters-sm margin-y-205"
    >
      <ol
        className="usa-step-indicator__segments"
      >
        <li
          aria-current={true}
          className="usa-step-indicator__segment usa-step-indicator__segment--current"
        >
          <span
            className="usa-step-indicator__segment-label"
          >
            Profile information
             
            <span
              className="usa-sr-only"
            >
              completed
            </span>
          </span>
        </li>
        <li
          aria-current={false}
          className="usa-step-indicator__segment"
        >
          <span
            className="usa-step-indicator__segment-label"
          >
            Symptoms and history
             
            <span
              className="usa-sr-only"
            >
              completed
            </span>
          </span>
        </li>
      </ol>
      <div
        className="usa-step-indicator__header"
      >
        <h1
          className="usa-step-indicator__heading"
        >
          <span
            className="usa-step-indicator__heading-counter"
          >
            <span
              className="usa-sr-only"
            >
              Step
            </span>
            <span
              className="usa-step-indicator__current-step margin-right-05"
            >
              1
            </span>
            <span
              className="usa-step-indicator__total-steps"
            >
              of 
              2
            </span>
          </span>
          <span
            className="usa-step-indicator__heading-text"
          >
            Profile information
          </span>
        </h1>
      </div>
    </div>
    <div
      className="prime-formgroup usa-prose"
    >
      <h2
        className="prime-formgroup-heading font-heading-lg"
      >
        General information
      </h2>
      <h3
        className="font-heading-sm"
      >
        Name
      </h3>
      <p>
        undefined
      </p>
      <h3
        className="font-heading-sm"
      >
        Preferred language
      </h3>
      <p>
        Not provided
      </p>
      <h3
        className="font-heading-sm"
      >
        Date of birth
      </h3>
      <p>
        Not provided
      </p>
      <h3
        className="font-heading-sm"
      >
        Phone number
      </h3>
      <p>
        Not provided
      </p>
      <h3
        className="font-heading-sm"
      >
        Address
      </h3>
      <p>
        <span
          className="display-block"
        >
          8 Pine Ct
        </span>
        <span
          className="display-block"
        >
          undefinedundefined
        </span>
      </p>
      <h3
        className="font-heading-sm"
      >
        Email address
      </h3>
      <p
        id="patient-email"
      >
        Not provided
      </p>
      <h2
        className="prime-formgroup-heading font-heading-lg"
      >
        Demographics
      </h2>
      <h3
        className="font-heading-sm"
      >
        Race
      </h3>
      <p>
        Not provided
      </p>
      <h3
        className="font-heading-sm"
      >
        Ethnicity
      </h3>
      <p>
        Not provided
      </p>
      <h3
        className="font-heading-sm"
      >
        Tribal affiliation
      </h3>
      <p>
        Not provided
      </p>
      <h3
        className="font-heading-sm"
      >
        Sex assigned at birth
      </h3>
      <p>
        Not provided
      </p>
      <h2
        className="prime-formgroup-heading font-heading-lg"
      >
        Other
      </h2>
      <h3
        className="font-heading-sm"
      >
        Are you a resident in a congregate living setting?
      </h3>
      <p>
        Yes
      </p>
      <h3
        className="font-heading-sm"
      >
        Are you a health care worker?
      </h3>
      <p>
        Yes
      </p>
    </div>
    <div
      className="margin-top-3"
    >
      <button
        className="usa-button"
        id="patient-confirm-and-continue"
        onClick={[Function]}
        type="button"
      >
        Confirm and continue
      </button>
    </div>
    <button
      className="usa-button usa-button--outline margin-top-1"
      id="edit-patient-profile-button"
      onClick={[Function]}
      type="button"
    >
      Edit information
    </button>
  </div>
</main>
`;
