// Jest Snapshot v1, https://goo.gl/fbAQLP

exports[`PatientProfile snapshot 1`] = `
<div
  className="prime-formgroup usa-prose"
>
  <h2
    className="prime-formgroup-heading font-heading-lg"
  >
    General information
  </h2>
  <h3
    className="font-heading-sm"
  >
    Name
  </h3>
  <p>
    Jane Doe
  </p>
  <h3
    className="font-heading-sm"
  >
    Preferred language
  </h3>
  <p>
    Not provided
  </p>
  <h3
    className="font-heading-sm"
  >
    Date of birth
  </h3>
  <p>
    Not provided
  </p>
  <h3
    className="font-heading-sm"
  >
    Phone number
  </h3>
  <p>
    Not provided
  </p>
  <h3
    className="font-heading-sm"
  >
    Address
  </h3>
  <p>
    <span
      className="display-block"
    >
      24 Dreary Ln
    </span>
    <span
      className="display-block"
    >
      undefinedundefined
    </span>
  </p>
  <h3
    className="font-heading-sm"
  >
    Email address
  </h3>
  <p
    id="patient-email"
  >
    Not provided
  </p>
  <h2
    className="prime-formgroup-heading font-heading-lg"
  >
    Demographics
  </h2>
  <h3
    className="font-heading-sm"
  >
    Race
  </h3>
  <p>
    Not provided
  </p>
  <h3
    className="font-heading-sm"
  >
    Ethnicity
  </h3>
  <p>
    Not provided
  </p>
  <h3
    className="font-heading-sm"
  >
    Tribal affiliation
  </h3>
  <p>
    Not provided
  </p>
  <h3
    className="font-heading-sm"
  >
    Sex assigned at birth
  </h3>
  <p>
    Not provided
  </p>
  <h2
    className="prime-formgroup-heading font-heading-lg"
  >
    Other
  </h2>
  <h3
    className="font-heading-sm"
  >
    Are you a resident in a congregate living setting?
  </h3>
  <p>
    Not provided
  </p>
  <h3
    className="font-heading-sm"
  >
    Are you a health care worker?
  </h3>
  <p>
    Not provided
  </p>
</div>
`;
