// Jest Snapshot v1, https://goo.gl/fbAQLP

exports[`EmailTestResultModal should show render 1`] = `
<div>
  <div>
    <h1
      class="font-sans-lg margin-top-0 margin-bottom-105 text-normal"
    >
      Email result?
    </h1>
    <div
      class="body"
    >
      <div
        class="text"
      >
        Zelda Francesca Holcomb Gordon
        's test result from
         
        November 2nd, 2021
         will be sent to the following emails:
      </div>
      <ul
        class="usa-list usa-list--unstyled"
      >
        <li
          class="line-height-sans-2"
        >
          gesezyx@mailinator.com
        </li>
      </ul>
    </div>
    <div
      class="sr-test-correction-buttons"
    >
      <button
        class="usa-button usa-button--unstyled"
        type="button"
      >
        Cancel
      </button>
      <button
        class="usa-button"
        type="button"
      >
        Send result
      </button>
    </div>
  </div>
</div>
`;
