// Jest Snapshot v1, https://goo.gl/fbAQLP

exports[`TestQueue should render the test queue 1`] = `
<div>
  <main
    class="prime-home"
    style="padding-top: 80px;"
  >
    <div
      class="grid-container"
    >
      <div
        class="position-relative"
      >
        <div
          class="prime-search-container"
        >
          <form
            class="usa-search usa-search--small prime-search-input display-inline-block"
            role="search"
          >
            <label
              class="usa-sr-only"
              for="search-field-small"
            >
              Search
            </label>
            <div>
              <input
                autocomplete="off"
                class="usa-input"
                id="search-field-small"
                name="search"
                placeholder="Search for a person to start their test"
                type="search"
                value=""
              />
              <button
                class="usa-button"
                disabled=""
                type="submit"
              >
                <span
                  class="usa-sr-only"
                >
                  Search
                </span>
              </button>
            </div>
          </form>
        </div>
      </div>
      <div
        class="position-relative grid-container prime-container prime-queue-item card-container"
        data-testid="test-card-abc"
      >
        <div
          aria-hidden="true"
          class="sr-queue-item-submit-loader z-top position-absolute height-full width-full text-center radius-lg"
        >
          <h4
            class="margin-top-6 margin-bottom-5"
          >
            Submitting test data for 
            Doe, John A
            ...
          </h4>
          <img
            alt="submitting"
            class="square-5"
            src="loader.svg"
          />
        </div>
        <div
          class="prime-card-container"
        >
          <button
            aria-label="Close"
            class="prime-close-button"
          >
            <span
              class="fa-layers"
            >
              <svg
                aria-hidden="true"
                class="svg-inline--fa fa-circle fa-w-16 fa-inverse fa-2x "
                data-icon="circle"
                data-prefix="fas"
                focusable="false"
                role="img"
                viewBox="0 0 512 512"
                xmlns="http://www.w3.org/2000/svg"
              >
                <path
                  d="M256 8C119 8 8 119 8 256s111 248 248 248 248-111 248-248S393 8 256 8z"
                  fill="currentColor"
                />
              </svg>
              <svg
                aria-hidden="true"
                class="svg-inline--fa fa-times-circle fa-w-16 fa-2x "
                data-icon="times-circle"
                data-prefix="fas"
                focusable="false"
                role="img"
                viewBox="0 0 512 512"
                xmlns="http://www.w3.org/2000/svg"
              >
                <path
                  d="M256 8C119 8 8 119 8 256s111 248 248 248 248-111 248-248S393 8 256 8zm121.6 313.1c4.7 4.7 4.7 12.3 0 17L338 377.6c-4.7 4.7-12.3 4.7-17 0L256 312l-65.1 65.6c-4.7 4.7-12.3 4.7-17 0L134.4 338c-4.7-4.7-4.7-12.3 0-17l65.6-65-65.6-65.1c-4.7-4.7-4.7-12.3 0-17l39.6-39.6c4.7-4.7 12.3-4.7 17 0l65 65.7 65.1-65.6c4.7-4.7 12.3-4.7 17 0l39.6 39.6c4.7 4.7 4.7 12.3 0 17L312 256l65.6 65.1z"
                  fill="currentColor"
                />
              </svg>
            </span>
          </button>
          <div
            class="grid-row"
          >
            <div
              class="tablet:grid-col-9"
            >
              <div
                class="grid-row prime-test-name usa-card__header"
                id="patient-name-header"
              >
                <div
                  class="card-header"
                >
                  <div
                    class="card-name"
                  >
                    Doe, John A
                  </div>
                  <div
                    class="card-dob"
                  >
                    Date of birth:
                    <span
                      class="card-date"
                    >
                       
                      06/19/1996
                    </span>
                  </div>
                </div>
                <button
                  class="timer-button timer-reset"
                  data-testid="timer"
                >
                  <span>
                    10:00
                  </span>
                   
                  <svg
                    aria-hidden="true"
                    class="svg-inline--fa fa-stopwatch fa-w-14 "
                    data-icon="stopwatch"
                    data-prefix="fas"
                    focusable="false"
                    role="img"
                    viewBox="0 0 448 512"
                    xmlns="http://www.w3.org/2000/svg"
                  >
                    <path
                      d="M432 304c0 114.9-93.1 208-208 208S16 418.9 16 304c0-104 76.3-190.2 176-205.5V64h-28c-6.6 0-12-5.4-12-12V12c0-6.6 5.4-12 12-12h120c6.6 0 12 5.4 12 12v40c0 6.6-5.4 12-12 12h-28v34.5c37.5 5.8 71.7 21.6 99.7 44.6l27.5-27.5c4.7-4.7 12.3-4.7 17 0l28.3 28.3c4.7 4.7 4.7 12.3 0 17l-29.4 29.4-.6.6C419.7 223.3 432 262.2 432 304zm-176 36V188.5c0-6.6-5.4-12-12-12h-40c-6.6 0-12 5.4-12 12V340c0 6.6 5.4 12 12 12h40c6.6 0 12-5.4 12-12z"
                      fill="currentColor"
                    />
                  </svg>
                </button>
              </div>
              <div
                class="margin-top-2 margin-left-2 margin-bottom-2"
              >
                <div
                  class="grid-row"
                >
                  <div
                    class="grid-col-4 flex-col-container padding-right-2"
                  >
                    <button
                      class="usa-button usa-button--unstyled test-questionnaire-btn"
                      type="button"
                    >
                      Test questionnaire
                    </button>
                    <div
                      class="margin-bottom-1"
                    >
                      <span
                        class="usa-tag"
                      >
                        PENDING
                      </span>
                    </div>
                  </div>
                  <div
                    class="flex-col-container"
                  >
                    <div
                      class=""
                    >
                      Test date and time
                    </div>
                    <div
                      class="test-date-time-container"
                    >
                      <input
                        class="card-test-input"
                        data-testid="test-date"
                        hidden=""
                        id="test-date"
                        max="2021-08-01"
                        min="2020-01-01"
                        name="test-date"
                        type="date"
                        value="2021-08-01"
                      />
                      <input
                        class="card-test-input"
                        data-testid="test-time"
                        hidden=""
                        name="test-time"
                        step="60"
                        type="time"
                        value="08:20"
                      />
                      <div
                        class="check-box-container"
                      >
                        <div
                          class="usa-checkbox"
                        >
                          <input
                            checked=""
                            class="usa-checkbox__input margin"
                            id="current-date-check-abc"
                            type="checkbox"
                            value="true"
                          />
                          <label
                            class="usa-checkbox__label margin-0 margin-right-05em"
                            for="current-date-check-abc"
                          >
                            Current date/time
                          </label>
                        </div>
                      </div>
                    </div>
                  </div>
                </div>
                <div
                  class="queue-item__form prime-ul grid-row"
                >
                  <div
                    class="prime-li flex-align-self-end tablet:grid-col-4 padding-right-2"
                  >
                    <div
                      class="usa-form-group prime-dropdown  card-dropdown"
                    >
                      <label
                        class="usa-label"
                        for="1"
                      >
                        Device
                      </label>
                      <select
                        aria-required="false"
                        class="usa-select"
                        id="1"
                        name="testDevice"
                      >
                        <option
                          value="f5c7658d-a0d5-4ec5-a1c9-eafc85fe7554"
                        >
                          LumiraDx
                        </option>
                        <option
                          value="0f3d7426-3476-4800-97e7-3de8a93b090c"
                        >
                          Quidel Sofia 2
                        </option>
                      </select>
                    </div>
                  </div>
                  <div
                    class="prime-li flex-align-self-end tablet:grid-col-5 padding-right-2"
                  >
                    <div
                      class="usa-form-group prime-dropdown  card-dropdown"
                    >
                      <label
                        class="usa-label"
                        for="2"
                      >
                        Swab type
                      </label>
                      <select
                        aria-required="false"
                        class="usa-select"
                        id="2"
                        name="swabType"
                      >
                        <option
                          value="6e4ccb35-d177-4ea0-9226-653358f1e081"
                        >
                          Nasopharyngeal swab
                        </option>
                        <option
                          value="6aa957dc-add2-4938-8788-935aec3276d4"
                        >
                          Swab of internal nose
                        </option>
                      </select>
                    </div>
                  </div>
                </div>
              </div>
            </div>
            <div
              class="tablet:grid-col-3 prime-test-result"
            >
              <form
                class="usa-form"
              >
                <h4
                  class="prime-radio__title"
                >
                  SARS-CoV-2 results
                </h4>
                <div
                  class="usa-form-group prime-radio__group"
                >
                  <fieldset
                    class="usa-fieldset prime-radios"
                  >
                    <legend
                      class="usa-legend usa-sr-only"
                    >
                      Test result
                    </legend>
                    <div
                      class=""
                    >
                      <div
                        class="usa-radio"
                      >
                        <input
                          class="usa-radio__input"
                          data-required="false"
                          id="3-val-POSITIVE"
                          name="covid-test-result-abc"
                          type="radio"
                          value="POSITIVE"
                        />
                        <label
                          class="usa-radio__label"
                          for="3-val-POSITIVE"
                        >
                          Positive (+)
                        </label>
                      </div>
                      <div
                        class="usa-radio"
                      >
                        <input
                          class="usa-radio__input"
                          data-required="false"
                          id="3-val-NEGATIVE"
                          name="covid-test-result-abc"
                          type="radio"
                          value="NEGATIVE"
                        />
                        <label
                          class="usa-radio__label"
                          for="3-val-NEGATIVE"
                        >
                          Negative (-)
                        </label>
                      </div>
                      <div
                        class="usa-radio"
                      >
                        <input
                          class="usa-radio__input"
                          data-required="false"
                          id="3-val-UNDETERMINED"
                          name="covid-test-result-abc"
                          type="radio"
                          value="UNDETERMINED"
                        />
                        <label
                          class="usa-radio__label"
                          for="3-val-UNDETERMINED"
                        >
                          Inconclusive
                        </label>
                      </div>
                    </div>
                  </fieldset>
                </div>
                <div
                  class="prime-test-result-submit"
                >
                  <button
                    class="usa-button usa-button--outline usa-button-disabled"
                    disabled=""
                    type="submit"
                  >
                    Submit
                  </button>
                </div>
              </form>
            </div>
          </div>
        </div>
      </div>
      <div
        class="position-relative grid-container prime-container prime-queue-item card-container"
        data-testid="test-card-def"
      >
        <div
          aria-hidden="true"
          class="sr-queue-item-submit-loader z-top position-absolute height-full width-full text-center radius-lg"
        >
          <h4
            class="margin-top-6 margin-bottom-5"
          >
            Submitting test data for 
            Smith, Jane
            ...
          </h4>
          <img
            alt="submitting"
            class="square-5"
            src="loader.svg"
          />
        </div>
        <div
          class="prime-card-container"
        >
          <button
            aria-label="Close"
            class="prime-close-button"
          >
            <span
              class="fa-layers"
            >
              <svg
                aria-hidden="true"
                class="svg-inline--fa fa-circle fa-w-16 fa-inverse fa-2x "
                data-icon="circle"
                data-prefix="fas"
                focusable="false"
                role="img"
                viewBox="0 0 512 512"
                xmlns="http://www.w3.org/2000/svg"
              >
                <path
                  d="M256 8C119 8 8 119 8 256s111 248 248 248 248-111 248-248S393 8 256 8z"
                  fill="currentColor"
                />
              </svg>
              <svg
                aria-hidden="true"
                class="svg-inline--fa fa-times-circle fa-w-16 fa-2x "
                data-icon="times-circle"
                data-prefix="fas"
                focusable="false"
                role="img"
                viewBox="0 0 512 512"
                xmlns="http://www.w3.org/2000/svg"
              >
                <path
                  d="M256 8C119 8 8 119 8 256s111 248 248 248 248-111 248-248S393 8 256 8zm121.6 313.1c4.7 4.7 4.7 12.3 0 17L338 377.6c-4.7 4.7-12.3 4.7-17 0L256 312l-65.1 65.6c-4.7 4.7-12.3 4.7-17 0L134.4 338c-4.7-4.7-4.7-12.3 0-17l65.6-65-65.6-65.1c-4.7-4.7-4.7-12.3 0-17l39.6-39.6c4.7-4.7 12.3-4.7 17 0l65 65.7 65.1-65.6c4.7-4.7 12.3-4.7 17 0l39.6 39.6c4.7 4.7 4.7 12.3 0 17L312 256l65.6 65.1z"
                  fill="currentColor"
                />
              </svg>
            </span>
          </button>
          <div
            class="grid-row"
          >
            <div
              class="tablet:grid-col-9"
            >
              <div
                class="grid-row prime-test-name usa-card__header"
                id="patient-name-header"
              >
                <div
                  class="card-header"
                >
                  <div
                    class="card-name"
                  >
                    Smith, Jane
                  </div>
                  <div
                    class="card-dob"
                  >
                    Date of birth:
                    <span
                      class="card-date"
                    >
                       
                      02/01/2021
                    </span>
                  </div>
                </div>
                <button
                  class="timer-button timer-reset"
                  data-testid="timer"
                >
                  <span>
                    10:00
                  </span>
                   
                  <svg
                    aria-hidden="true"
                    class="svg-inline--fa fa-stopwatch fa-w-14 "
                    data-icon="stopwatch"
                    data-prefix="fas"
                    focusable="false"
                    role="img"
                    viewBox="0 0 448 512"
                    xmlns="http://www.w3.org/2000/svg"
                  >
                    <path
                      d="M432 304c0 114.9-93.1 208-208 208S16 418.9 16 304c0-104 76.3-190.2 176-205.5V64h-28c-6.6 0-12-5.4-12-12V12c0-6.6 5.4-12 12-12h120c6.6 0 12 5.4 12 12v40c0 6.6-5.4 12-12 12h-28v34.5c37.5 5.8 71.7 21.6 99.7 44.6l27.5-27.5c4.7-4.7 12.3-4.7 17 0l28.3 28.3c4.7 4.7 4.7 12.3 0 17l-29.4 29.4-.6.6C419.7 223.3 432 262.2 432 304zm-176 36V188.5c0-6.6-5.4-12-12-12h-40c-6.6 0-12 5.4-12 12V340c0 6.6 5.4 12 12 12h40c6.6 0 12-5.4 12-12z"
                      fill="currentColor"
                    />
                  </svg>
                </button>
              </div>
              <div
                class="margin-top-2 margin-left-2 margin-bottom-2"
              >
                <div
                  class="grid-row"
                >
                  <div
                    class="grid-col-4 flex-col-container padding-right-2"
                  >
                    <button
                      class="usa-button usa-button--unstyled test-questionnaire-btn"
                      type="button"
                    >
                      Test questionnaire
                    </button>
                    <div
                      class="margin-bottom-1"
                    >
                      <span
                        class="usa-tag"
                      >
                        PENDING
                      </span>
                    </div>
                  </div>
                  <div
                    class="flex-col-container"
                  >
                    <div
                      class=""
                    >
                      Test date and time
                    </div>
                    <div
                      class="test-date-time-container"
                    >
                      <input
                        class="card-test-input"
                        data-testid="test-date"
                        hidden=""
                        id="test-date"
                        max="2021-08-01"
                        min="2020-01-01"
                        name="test-date"
                        type="date"
                        value="2021-08-01"
                      />
                      <input
                        class="card-test-input"
                        data-testid="test-time"
                        hidden=""
                        name="test-time"
                        step="60"
                        type="time"
                        value="08:20"
                      />
                      <div
                        class="check-box-container"
                      >
                        <div
                          class="usa-checkbox"
                        >
                          <input
                            checked=""
                            class="usa-checkbox__input margin"
                            id="current-date-check-def"
                            type="checkbox"
                            value="true"
                          />
                          <label
                            class="usa-checkbox__label margin-0 margin-right-05em"
                            for="current-date-check-def"
                          >
                            Current date/time
                          </label>
                        </div>
                      </div>
                    </div>
                  </div>
                </div>
                <div
                  class="queue-item__form prime-ul grid-row"
                >
                  <div
                    class="prime-li flex-align-self-end tablet:grid-col-4 padding-right-2"
                  >
                    <div
                      class="usa-form-group prime-dropdown  card-dropdown"
                    >
                      <label
                        class="usa-label"
                        for="4"
                      >
                        Device
                      </label>
                      <select
                        aria-required="false"
                        class="usa-select"
                        id="4"
                        name="testDevice"
                      >
                        <option
                          value="f5c7658d-a0d5-4ec5-a1c9-eafc85fe7554"
                        >
                          LumiraDx
                        </option>
                        <option
                          value="0f3d7426-3476-4800-97e7-3de8a93b090c"
                        >
                          Quidel Sofia 2
                        </option>
                      </select>
                    </div>
                  </div>
                  <div
                    class="prime-li flex-align-self-end tablet:grid-col-5 padding-right-2"
                  >
                    <div
                      class="usa-form-group prime-dropdown  card-dropdown"
                    >
                      <label
                        class="usa-label"
                        for="5"
                      >
                        Swab type
                      </label>
                      <select
                        aria-required="false"
                        class="usa-select"
                        id="5"
                        name="swabType"
                      >
                        <option
                          value="6e4ccb35-d177-4ea0-9226-653358f1e081"
                        >
                          Nasopharyngeal swab
                        </option>
                        <option
                          value="6aa957dc-add2-4938-8788-935aec3276d4"
                        >
                          Swab of internal nose
                        </option>
                      </select>
                    </div>
                  </div>
                </div>
              </div>
            </div>
            <div
              class="tablet:grid-col-3 prime-test-result"
            >
              <form
                class="usa-form"
              >
                <h4
                  class="prime-radio__title"
                >
                  SARS-CoV-2 results
                </h4>
                <div
                  class="usa-form-group prime-radio__group"
                >
                  <fieldset
                    class="usa-fieldset prime-radios"
                  >
                    <legend
                      class="usa-legend usa-sr-only"
                    >
                      Test result
                    </legend>
                    <div
                      class=""
                    >
                      <div
                        class="usa-radio"
                      >
                        <input
                          class="usa-radio__input"
                          data-required="false"
                          id="6-val-POSITIVE"
                          name="covid-test-result-def"
                          type="radio"
                          value="POSITIVE"
                        />
                        <label
                          class="usa-radio__label"
                          for="6-val-POSITIVE"
                        >
                          Positive (+)
                        </label>
                      </div>
                      <div
                        class="usa-radio"
                      >
                        <input
                          class="usa-radio__input"
                          data-required="false"
                          id="6-val-NEGATIVE"
                          name="covid-test-result-def"
                          type="radio"
                          value="NEGATIVE"
                        />
                        <label
                          class="usa-radio__label"
                          for="6-val-NEGATIVE"
                        >
                          Negative (-)
                        </label>
                      </div>
                      <div
                        class="usa-radio"
                      >
                        <input
                          class="usa-radio__input"
                          data-required="false"
                          id="6-val-UNDETERMINED"
                          name="covid-test-result-def"
                          type="radio"
                          value="UNDETERMINED"
                        />
                        <label
                          class="usa-radio__label"
                          for="6-val-UNDETERMINED"
                        >
                          Inconclusive
                        </label>
                      </div>
                    </div>
                  </fieldset>
                </div>
                <div
                  class="prime-test-result-submit"
                >
                  <button
                    class="usa-button usa-button--outline usa-button-disabled"
                    disabled=""
                    type="submit"
                  >
                    Submit
                  </button>
                </div>
              </form>
            </div>
          </div>
        </div>
      </div>
    </div>
  </main>
</div>
`;
